// Jest Snapshot v1, https://goo.gl/fbAQLP

exports[`pwa build files (.nuxt) 1`] = `
Array [
  "fixture/.nuxt/App.js",
  "fixture/.nuxt/client.js",
  "fixture/.nuxt/components",
  "fixture/.nuxt/components/no-ssr.js",
  "fixture/.nuxt/components/nuxt-child.js",
  "fixture/.nuxt/components/nuxt-error.vue",
  "fixture/.nuxt/components/nuxt-link.js",
  "fixture/.nuxt/components/nuxt-loading.vue",
  "fixture/.nuxt/components/nuxt.js",
  "fixture/.nuxt/dist",
  "fixture/.nuxt/dist/client",
  "fixture/.nuxt/dist/client/LICENSES",
  "fixture/.nuxt/dist/client/app.js",
  "fixture/.nuxt/dist/client/commons.app.js",
  "fixture/.nuxt/dist/client/icons",
  "fixture/.nuxt/dist/client/icons/icon_120.9mgd2ZDMcQu.png",
  "fixture/.nuxt/dist/client/icons/icon_144.9mgd2ZDMcQu.png",
  "fixture/.nuxt/dist/client/icons/icon_152.9mgd2ZDMcQu.png",
  "fixture/.nuxt/dist/client/icons/icon_192.9mgd2ZDMcQu.png",
  "fixture/.nuxt/dist/client/icons/icon_384.9mgd2ZDMcQu.png",
  "fixture/.nuxt/dist/client/icons/icon_512.9mgd2ZDMcQu.png",
  "fixture/.nuxt/dist/client/icons/icon_64.9mgd2ZDMcQu.png",
  "fixture/.nuxt/dist/client/manifest.0fc4969c.json",
  "fixture/.nuxt/dist/client/ons.40ac840e.js",
  "fixture/.nuxt/dist/client/pages",
  "fixture/.nuxt/dist/client/pages/index.js",
  "fixture/.nuxt/dist/server",
  "fixture/.nuxt/dist/server/index.spa.html",
  "fixture/.nuxt/dist/server/index.ssr.html",
  "fixture/.nuxt/dist/server/server-bundle.json",
  "fixture/.nuxt/dist/server/vue-ssr-client-manifest.json",
  "fixture/.nuxt/dist/workbox.dev.42554690.js",
  "fixture/.nuxt/empty.js",
  "fixture/.nuxt/index.js",
  "fixture/.nuxt/layouts",
  "fixture/.nuxt/layouts/default.vue",
  "fixture/.nuxt/loading.html",
  "fixture/.nuxt/middleware.js",
  "fixture/.nuxt/onesignal.js",
  "fixture/.nuxt/router.js",
  "fixture/.nuxt/server.js",
  "fixture/.nuxt/sw.plugin.js",
  "fixture/.nuxt/sw.template.js",
  "fixture/.nuxt/utils.js",
  "fixture/.nuxt/views",
  "fixture/.nuxt/views/app.template.html",
  "fixture/.nuxt/views/error.html",
]
`;

exports[`pwa generate files (dist) 1`] = `
Array [
  "fixture/dist/.gitkeep",
  "fixture/dist/.nojekyll",
  "fixture/dist/200.html",
  "fixture/dist/OneSignalSDKUpdaterWorker.js",
  "fixture/dist/OneSignalSDKWorker.js",
  "fixture/dist/_nuxt",
  "fixture/dist/_nuxt/LICENSES",
  "fixture/dist/_nuxt/app.js",
  "fixture/dist/_nuxt/commons.app.js",
  "fixture/dist/_nuxt/icons",
  "fixture/dist/_nuxt/icons/icon_120.9mgd2ZDMcQu.png",
  "fixture/dist/_nuxt/icons/icon_144.9mgd2ZDMcQu.png",
  "fixture/dist/_nuxt/icons/icon_152.9mgd2ZDMcQu.png",
  "fixture/dist/_nuxt/icons/icon_192.9mgd2ZDMcQu.png",
  "fixture/dist/_nuxt/icons/icon_384.9mgd2ZDMcQu.png",
  "fixture/dist/_nuxt/icons/icon_512.9mgd2ZDMcQu.png",
  "fixture/dist/_nuxt/icons/icon_64.9mgd2ZDMcQu.png",
  "fixture/dist/_nuxt/manifest.0fc4969c.json",
  "fixture/dist/_nuxt/ons.40ac840e.js",
  "fixture/dist/_nuxt/pages",
  "fixture/dist/_nuxt/pages/index.js",
  "fixture/dist/custom-sw.js",
  "fixture/dist/icon.png",
  "fixture/dist/index.html",
  "fixture/dist/sw.js",
]
`;
