// Jest Snapshot v1, https://goo.gl/fbAQLP

exports[`pwa build files (.nuxt) 1`] = `
Array [
  "fixture/.nuxt/App.js",
  "fixture/.nuxt/client.js",
  "fixture/.nuxt/components",
  "fixture/.nuxt/components/no-ssr.js",
  "fixture/.nuxt/components/nuxt-child.js",
  "fixture/.nuxt/components/nuxt-error.vue",
  "fixture/.nuxt/components/nuxt-link.client.js",
  "fixture/.nuxt/components/nuxt-link.server.js",
  "fixture/.nuxt/components/nuxt-loading.vue",
  "fixture/.nuxt/components/nuxt.js",
  "fixture/.nuxt/dist",
  "fixture/.nuxt/dist/client",
  "fixture/.nuxt/dist/client/476c171f365410b706b2.js",
  "fixture/.nuxt/dist/client/56f4df17eb57d3800519.js",
  "fixture/.nuxt/dist/client/5b0d69e5616d8da62856.js",
  "fixture/.nuxt/dist/client/9a30ad4559e02620efc3.js",
  "fixture/.nuxt/dist/client/LICENSES",
  "fixture/.nuxt/dist/client/fa8b85f785f36f81c1ab.js",
  "fixture/.nuxt/dist/client/icons",
  "fixture/.nuxt/dist/client/icons/icon_120.9mgd2ZDMcQu.png",
  "fixture/.nuxt/dist/client/icons/icon_144.9mgd2ZDMcQu.png",
  "fixture/.nuxt/dist/client/icons/icon_152.9mgd2ZDMcQu.png",
  "fixture/.nuxt/dist/client/icons/icon_192.9mgd2ZDMcQu.png",
  "fixture/.nuxt/dist/client/icons/icon_384.9mgd2ZDMcQu.png",
  "fixture/.nuxt/dist/client/icons/icon_512.9mgd2ZDMcQu.png",
  "fixture/.nuxt/dist/client/icons/icon_64.9mgd2ZDMcQu.png",
  "fixture/.nuxt/dist/client/manifest.15e2617f.json",
  "fixture/.nuxt/dist/client/ons.40ac840e.js",
  "fixture/.nuxt/dist/server",
  "fixture/.nuxt/dist/server/4e9c46a7775e1e7b327d.js",
  "fixture/.nuxt/dist/server/4e9c46a7775e1e7b327d.js.map",
  "fixture/.nuxt/dist/server/89b7044a77cc82cf12c1.js",
  "fixture/.nuxt/dist/server/89b7044a77cc82cf12c1.js.map",
  "fixture/.nuxt/dist/server/client.manifest.json",
  "fixture/.nuxt/dist/server/index.spa.html",
  "fixture/.nuxt/dist/server/index.ssr.html",
  "fixture/.nuxt/dist/server/ons.40ac840e.js",
  "fixture/.nuxt/dist/server/server.js",
  "fixture/.nuxt/dist/server/server.js.map",
  "fixture/.nuxt/dist/server/server.manifest.json",
  "fixture/.nuxt/empty.js",
  "fixture/.nuxt/index.js",
  "fixture/.nuxt/layouts",
  "fixture/.nuxt/layouts/default.vue",
  "fixture/.nuxt/loading.html",
  "fixture/.nuxt/middleware.js",
  "fixture/.nuxt/nuxt-icons.js",
  "fixture/.nuxt/onesignal.js",
  "fixture/.nuxt/router.js",
  "fixture/.nuxt/server.js",
  "fixture/.nuxt/sw.register.js",
  "fixture/.nuxt/utils.js",
  "fixture/.nuxt/views",
  "fixture/.nuxt/views/app.template.html",
  "fixture/.nuxt/views/error.html",
]
`;

exports[`pwa generate files (dist) 1`] = `
Array [
  "fixture/dist/.gitkeep",
  "fixture/dist/.nojekyll",
  "fixture/dist/200.html",
  "fixture/dist/OneSignalSDKUpdaterWorker.js",
  "fixture/dist/OneSignalSDKWorker.js",
  "fixture/dist/_nuxt",
  "fixture/dist/_nuxt/476c171f365410b706b2.js",
  "fixture/dist/_nuxt/56f4df17eb57d3800519.js",
  "fixture/dist/_nuxt/5b0d69e5616d8da62856.js",
  "fixture/dist/_nuxt/9a30ad4559e02620efc3.js",
  "fixture/dist/_nuxt/LICENSES",
  "fixture/dist/_nuxt/fa8b85f785f36f81c1ab.js",
  "fixture/dist/_nuxt/icons",
  "fixture/dist/_nuxt/icons/icon_120.9mgd2ZDMcQu.png",
  "fixture/dist/_nuxt/icons/icon_144.9mgd2ZDMcQu.png",
  "fixture/dist/_nuxt/icons/icon_152.9mgd2ZDMcQu.png",
  "fixture/dist/_nuxt/icons/icon_192.9mgd2ZDMcQu.png",
  "fixture/dist/_nuxt/icons/icon_384.9mgd2ZDMcQu.png",
  "fixture/dist/_nuxt/icons/icon_512.9mgd2ZDMcQu.png",
  "fixture/dist/_nuxt/icons/icon_64.9mgd2ZDMcQu.png",
  "fixture/dist/_nuxt/manifest.15e2617f.json",
  "fixture/dist/_nuxt/ons.40ac840e.js",
  "fixture/dist/custom-sw.js",
  "fixture/dist/icon.png",
  "fixture/dist/icons",
  "fixture/dist/icons/index.html",
  "fixture/dist/index.html",
  "fixture/dist/sw.js",
]
`;

exports[`pwa sw.js 1`] = `
"importScripts('https://cdn.jsdelivr.net/npm/workbox-cdn@3.6.3-5/workbox/workbox-sw.js', 'custom-sw.js')

// --------------------------------------------------
// Configure
// --------------------------------------------------

// Set workbox config
workbox.setConfig({
  \\"debug\\": true
})

// Start controlling any existing clients as soon as it activates
workbox.clientsClaim()

// Skip over the SW waiting lifecycle stage
workbox.skipWaiting()

// --------------------------------------------------
// Precaches
// --------------------------------------------------

// Precache build artifacts
workbox.precaching.precacheAndRoute([], {
  \\"cacheId\\": \\"nuxt\\",
  \\"directoryIndex\\": \\"/\\"
})

// --------------------------------------------------
// Runtime Caching
// --------------------------------------------------

// Register route handlers for runtimeCaching
workbox.routing.registerRoute(new RegExp('https://google.com/.*'), workbox.strategies.cacheFirst ({}), 'GET')
workbox.routing.registerRoute(new RegExp('/_nuxt/(?!.*hot-update).+'), workbox.strategies.cacheFirst ({}), 'GET')
workbox.routing.registerRoute(new RegExp('/.*'), workbox.strategies.networkFirst ({}), 'GET')
"
`;
